Microsoft Windows [Version 10.0.26100.3476]
(c) Microsoft Corporation. All rights reserved.

C:\Users\manok>docker 

Usage:  docker [OPTIONS] COMMAND

A self-sufficient runtime for containers

Common Commands:
  run         Create and run a new container from an image
  exec        Execute a command in a running container
  ps          List containers
  build       Build an image from a Dockerfile
  pull        Download an image from a registry
  push        Upload an image to a registry
  images      List images
  login       Log in to a registry
  logout      Log out from a registry
  search      Search Docker Hub for images
  version     Show the Docker version information
  info        Display system-wide information

Management Commands:
  builder     Manage builds
  buildx*     Docker Buildx
  compose*    Docker Compose
  container   Manage containers
  context     Manage contexts
  debug*      Get a shell into any image or container
  desktop*    Docker Desktop commands (Alpha)
  dev*        Docker Dev Environments
  extension*  Manages Docker extensions
  feedback*   Provide feedback, right in your terminal!
  image       Manage images
  init*       Creates Docker-related starter files for your project
  manifest    Manage Docker image manifests and manifest lists
  network     Manage networks
  plugin      Manage plugins
  sbom*       View the packaged-based Software Bill Of Materials (SBOM) for an image
  scout*      Docker Scout
  system      Manage Docker
  trust       Manage trust on Docker images
  volume      Manage volumes

Swarm Commands:
  swarm       Manage Swarm

Commands:
  attach      Attach local standard input, output, and error streams to a running container
  commit      Create a new image from a container's changes
  cp          Copy files/folders between a container and the local filesystem
  create      Create a new container
  diff        Inspect changes to files or directories on a container's filesystem
  events      Get real time events from the server
  export      Export a container's filesystem as a tar archive
  history     Show the history of an image
  import      Import the contents from a tarball to create a filesystem image
  inspect     Return low-level information on Docker objects
  kill        Kill one or more running containers
  load        Load an image from a tar archive or STDIN
  logs        Fetch the logs of a container
  pause       Pause all processes within one or more containers
  port        List port mappings or a specific mapping for the container
  rename      Rename a container
  restart     Restart one or more containers
  rm          Remove one or more containers
  rmi         Remove one or more images
  save        Save one or more images to a tar archive (streamed to STDOUT by default)
  start       Start one or more stopped containers
  stats       Display a live stream of container(s) resource usage statistics
  stop        Stop one or more running containers
  tag         Create a tag TARGET_IMAGE that refers to SOURCE_IMAGE
  top         Display the running processes of a container
  unpause     Unpause all processes within one or more containers
  update      Update configuration of one or more containers
  wait        Block until one or more containers stop, then print their exit codes

Global Options:
      --config string      Location of client config files (default
                           "C:\\Users\\manok\\.docker")
  -c, --context string     Name of the context to use to connect to the
                           daemon (overrides DOCKER_HOST env var and
                           default context set with "docker context use")
  -D, --debug              Enable debug mode
  -H, --host list          Daemon socket to connect to
  -l, --log-level string   Set the logging level ("debug", "info",
                           "warn", "error", "fatal") (default "info")
      --tls                Use TLS; implied by --tlsverify
      --tlscacert string   Trust certs signed only by this CA (default
                           "C:\\Users\\manok\\.docker\\ca.pem")
      --tlscert string     Path to TLS certificate file (default
                           "C:\\Users\\manok\\.docker\\cert.pem")
      --tlskey string      Path to TLS key file (default
                           "C:\\Users\\manok\\.docker\\key.pem")
      --tlsverify          Use TLS and verify the remote
  -v, --version            Print version information and quit

Run 'docker COMMAND --help' for more information on a command.

For more help on how to use Docker, head to https://docs.docker.com/go/guides/

C:\Users\manok>docker images
REPOSITORY                                             TAG                                                                           IMAGE ID       CREATED         SIZE
gowebapp                                               v2                                                                            f9fe7c08457a   38 hours ago    91.6MB
servicea                                               v1                                                                            621651835272   7 weeks ago     459MB
myapp1                                                 v1                                                                            621651835272   7 weeks ago     459MB
<none>                                                 <none>                                                                        7865239dbd35   7 weeks ago     459MB
myapp                                                  v1                                                                            a9788548baa7   7 weeks ago     1.24GB
servloanreq                                            v1                                                                            a9788548baa7   7 weeks ago     1.24GB
<none>                                                 <none>                                                                        e75795eceddb   7 weeks ago     503MB
rapidfort/microsoft-sql-server-2019-ib                 latest                                                                        e97ba95e5e3b   3 months ago    1.17GB
exday2                                                 v1                                                                            3fd9ba6cdaf7   4 months ago    493MB
<none>                                                 <none>                                                                        52613aed3a61   4 months ago    277MB
<none>                                                 <none>                                                                        11c22f7d66ad   5 months ago    383MB
eurekaserver                                           v1                                                                            772752529b55   5 months ago    383MB
cloudserver                                            v1                                                                            58abe95ad7e4   5 months ago    368MB
gowebapp                                               v1                                                                            a5e6a7589cab   6 months ago    91.5MB
spurin/diveintokubernetes-introduction-lab             portal                                                                        6289aa5f1f82   6 months ago    198MB
alpine                                                 latest                                                                        91ef0af61f39   6 months ago    7.8MB
spurin/diveintokubernetes-introduction-lab-extension   1.0.2                                                                         53f9d286305a   7 months ago    7.8MB
spurin/diveintokubernetes-introduction-lab             control-plane                                                                 e641cb55cded   7 months ago    1.67GB
gowebapp-mysql                                         v1                                                                            4ee9ce7216d1   7 months ago    303MB
gowebapp-mysql                                         v2                                                                            4ee9ce7216d1   7 months ago    303MB
sampleaz1001ir.azurecr.io/samples/gowebapp-mysql       v1                                                                            4ee9ce7216d1   7 months ago    303MB
sampleaz1001ir.azurecr.io/samples/gowebapp             v1                                                                            25280f0ddedb   7 months ago    91.5MB
openzipkin/zipkin                                      latest                                                                        88de2581a6c0   7 months ago    183MB
apache/kafka                                           latest                                                                        b610bd8a193a   8 months ago    382MB
docker/desktop-kubernetes                              kubernetes-v1.29.2-cni-v1.4.0-critools-v1.29.0-cri-dockerd-v0.3.11-1-debian   15340d8e988registry.k8s.io/kube-controller-manager                v1.29.2                                                                       138fb5a3a2e3   13 months ago   122MB------------------------------------------------------------------------------------------------------------------------XXregistry.k8s.io/kube-proxy                             v1.29.2                                                                       9344fce2372f   13 months ago   82.3MB-----------------------------------------------------------------------------------------------------------------------XXregistry.k8s.io/etcd                                   3.5.10-0                                                                      a0eed15eed44   17 months ago   148MB------------------------------------------------------------------------------------------------------------------------XXregistry.k8s.io/coredns/coredns                        v1.11.1                                                                       cbb01a7bd410   19 months ago   59.8MB-----------------------------------------------------------------------------------------------------------------------XXdocker/desktop-vpnkit-controller                       dc331cb22850be0cdd97c84a9cfecaf44a1afb6e                                      556098075b3d   22 months ago   36.2MB-----------------------------------------------------------------------------------------------------------------------XXregistry.k8s.io/pause                                  3.9                                                                           e6f181688397   2 years ago     744kB------------------------------------------------------------------------------------------------------------------------XXdocker/desktop-storage-provisioner                     v2.0                                                                          99f89471f470   3 years ago     41.9MB-----------------------------------------------------------------------------------------------------------------------XXmcr.microsoft.com/mcr/hello-world                      latest                                                                        fce289e99eb9   6 years ago     1.84kB-----------------------------------------------------------------------------------------------------------------------XXsampleaz1001ir.azurecr.io/samples/hello-world          latest                                                                        fce289e99eb9   6 years ago     1.84kB

C:\Users\manok>docker rmi myapp
Error response from daemon: No such image: myapp:latest

C:\Users\manok>docker rmi myapp:v1
Untagged: myapp:v1

C:\Users\manok>docker ps
CONTAINER ID   IMAGE               COMMAND                  CREATED        STATUS                   PORTS                              NAMES
2f0e797f3d18   f9fe7c08457a        "/opt/gowebapp/goweb…"   20 hours ago   Up 20 hours                                                 k8s_gowebapp_gowebapp-6dcd46896f-fmqj8_default_402b945c-f683-4352-a7b4-56c73674bfd3_5
60f4ac5f4545   f9fe7c08457a        "/opt/gowebapp/goweb…"   20 hours ago   Up 20 hours                                                 k8s_gowebapp_gowebapp-6dcd46896f-gzjfv_default_0ec19d00-1f89-443a-ab09-42b57b38b983_5
13cdd327665c   4ee9ce7216d1        "docker-entrypoint.s…"   20 hours ago   Up 20 hours                                                 k8s_gowebapp-mysql_gowebapp-mysql-787776b6bd-d8wwk_default_32d9e1de-4420-452f-b192-1dbbb0fe8e78_2
c3b8f9436b30   openzipkin/zipkin   "start-zipkin"           7 weeks ago    Up 9 minutes (healthy)   9410/tcp, 0.0.0.0:9411->9411/tcp   thirsty_meninsky

C:\Users\manok>d:

D:\>cd DemoProjects

D:\DemoProjects>cd gowebapp

D:\DemoProjects\gowebapp>dir
 Volume in drive D is Thiya
 Volume Serial Number is 0459-6DEE

 Directory of D:\DemoProjects\gowebapp

26-03-2025  12:18    <DIR>          .
26-03-2025  12:18    <DIR>          ..
01-08-2024  12:59               364 Dockerfile.txt
26-03-2025  12:18    <DIR>          fluent-bit
26-03-2025  12:18    <DIR>          gowebapp
26-03-2025  12:18    <DIR>          gowebapp-mysql
26-03-2025  12:18    <DIR>          loginsight
               1 File(s)            364 bytes
               6 Dir(s)  105,585,012,736 bytes free

D:\DemoProjects\gowebapp>cd gowebapp

D:\DemoProjects\gowebapp\gowebapp>cat Dockerfile
'cat' is not recognized as an internal or external command,
operable program or batch file.

D:\DemoProjects\gowebapp\gowebapp>dir 
 Volume in drive D is Thiya
 Volume Serial Number is 0459-6DEE

 Directory of D:\DemoProjects\gowebapp\gowebapp

26-03-2025  12:18    <DIR>          .
26-03-2025  12:18    <DIR>          ..
01-07-2021  00:22               574 canary-deployment.yaml
01-07-2021  00:52               158 canary-service-test.sh
01-07-2021  00:46               214 canary-service.yaml
01-07-2021  00:40               160 canary-test.sh
26-03-2025  12:18    <DIR>          code
26-03-2025  12:18    <DIR>          config
30-06-2021  02:35               740 Dockerfile
01-07-2021  20:23               749 Dockerfile-v2
30-06-2021  21:03               523 gowebapp-deployment-bad-image.yaml
01-07-2021  21:38             1,275 gowebapp-deployment-dynamic.yaml
01-07-2021  01:32               683 gowebapp-deployment-resources.yaml
24-03-2025  22:18               491 gowebapp-deployment.yaml
01-07-2021  18:35               425 gowebapp-ingress.yaml
30-06-2021  22:36               518 gowebapp-new-deployment.yaml
30-06-2021  21:29               201 gowebapp-service-bad.yaml
01-07-2021  18:20               199 gowebapp-service-clusterip.yaml
30-06-2021  02:37               197 gowebapp-service.yaml
01-07-2021  18:50            18,292 ingress-controller.yaml
01-07-2021  19:31                62 my-namespace.yaml
              17 File(s)         25,461 bytes
               4 Dir(s)  105,585,012,736 bytes free

D:\DemoProjects\gowebapp\gowebapp>docker build -t myappfss:v1 .
[+] Building 2.6s (10/10) FINISHED                                                                                         docker:desktop-linux
 => [internal] load build definition from Dockerfile                                                                                       0.1s
 => => transferring dockerfile: 779B                                                                                                       0.0s 
 => [internal] load metadata for docker.io/library/ubuntu:latest                                                                           2.4s 
 => [auth] library/ubuntu:pull token for registry-1.docker.io                                                                              0.0s
 => [internal] load .dockerignore                                                                                                          0.0s
 => => transferring context: 2B                                                                                                            0.0s 
 => [1/4] FROM docker.io/library/ubuntu:latest@sha256:72297848456d5d37d1262630108ab308d3e9ec7ed1c3286a32fe09856619a782                     0.0s 
 => [internal] load build context                                                                                                          0.0s 
 => => transferring context: 3.38kB                                                                                                        0.0s 
 => CACHED [2/4] COPY ./code /opt/gowebapp                                                                                                 0.0s 
 => CACHED [3/4] COPY ./config /opt/gowebapp/config                                                                                        0.0s 
 => CACHED [4/4] WORKDIR /opt/gowebapp                                                                                                     0.0s 
 => exporting to image                                                                                                                     0.0s 
 => => exporting layers                                                                                                                    0.0s 
 => => writing image sha256:f9fe7c08457ad67192675210f9c514b71244d822caa6b26af52a0f8e3669c619                                               0.0s 
 => => naming to docker.io/library/myappfss:v1                                                                                             0.0s 

View build details: docker-desktop://dashboard/build/desktop-linux/desktop-linux/jauimawmzxkrqgphsxo0qe8b7

What's next:
    View a summary of image vulnerabilities and recommendations → docker scout quickview 

D:\DemoProjects\gowebapp\gowebapp>docker images
REPOSITORY                                             TAG                                                                           IMAGE ID       CREATED         SIZE
gowebapp                                               v2                                                                            f9fe7c08457a   38 hours ago    91.6MB
myappfss                                               v1                                                                            f9fe7c08457a   38 hours ago    91.6MB
myapp1                                                 v1                                                                            621651835272   7 weeks ago     459MB
servicea                                               v1                                                                            621651835272   7 weeks ago     459MB
<none>                                                 <none>                                                                        7865239dbd35   7 weeks ago     459MB
servloanreq                                            v1                                                                            a9788548baa7   7 weeks ago     1.24GB
<none>                                                 <none>                                                                        e75795eceddb   7 weeks ago     503MB
rapidfort/microsoft-sql-server-2019-ib                 latest                                                                        e97ba95e5e3b   3 months ago    1.17GB
exday2                                                 v1                                                                            3fd9ba6cdaf7   4 months ago    493MB
<none>                                                 <none>                                                                        52613aed3a61   4 months ago    277MB
eurekaserver                                           v1                                                                            772752529b55   5 months ago    383MB
<none>                                                 <none>                                                                        11c22f7d66ad   5 months ago    383MB
cloudserver                                            v1                                                                            58abe95ad7e4   5 months ago    368MB
gowebapp                                               v1                    a5e6a7589cab   6 months ago    91.5MB
spurin/diveintokubernetes-introduction-lab             portal                                                                        6289aa5f1f82   6 months ago    198MB
alpine                                                 latest                                                                        91ef0af61f39   6 months ago    7.8MB
spurin/diveintokubernetes-introduction-lab-extension   1.0.2                                                                         53f9d286305a   7 months ago    7.8MB
spurin/diveintokubernetes-introduction-lab             control-plane                                                                 e641cb55cded   7 months ago    1.67GB
gowebapp-mysql                                         v1                                                                            4ee9ce7216d1   7 months ago    303MB
gowebapp-mysql                                         v2                                                                            4ee9ce7216d1   7 months ago    303MB
sampleaz1001ir.azurecr.io/samples/gowebapp-mysql       v1                                                                            4ee9ce7216d1   7 months ago    303MB
sampleaz1001ir.azurecr.io/samples/gowebapp             v1                                                                            25280f0ddedb   7 months ago    91.5MB
openzipkin/zipkin                                      latest                                                                        88de2581a6c0   7 months ago    183MB
apache/kafka                                           latest                                                                        b610bd8a193a   8 months ago    382MB
docker/desktop-kubernetes                              kubernetes-v1.29.2-cni-v1.4.0-critools-v1.29.0-cri-dockerd-v0.3.11-1-debian   15340d8e9882   12 months ago   439MB
registry.k8s.io/kube-apiserver                         v1.29.2                                                                       8a9000f98a52   13 months ago   127MB
registry.k8s.io/kube-proxy                             v1.29.2                                                                       9344fce2372f   13 months ago   82.3MB
registry.k8s.io/kube-scheduler                         v1.29.2                                                                       6fc5e6b7218c   13 months ago   59.5MB
registry.k8s.io/kube-controller-manager                v1.29.2                                                                       138fb5a3a2e3   13 months ago   122MB
registry.k8s.io/etcd                                   3.5.10-0                                                                      a0eed15eed44   17 months ago   148MB
registry.k8s.io/coredns/coredns                        v1.11.1                                                                       cbb01a7bd410   19 months ago   59.8MB
docker/desktop-vpnkit-controller                       dc331cb22850be0cdd97c84a9cfecaf44a1afb6e                                      556098075b3d   22 months ago   36.2MB
registry.k8s.io/pause                                  3.9                                                                           e6f181688397   2 years ago     744kB
docker/desktop-storage-provisioner                     v2.0                                                                          99f89471f470   3 years ago     41.9MB
mcr.microsoft.com/mcr/hello-world                      latest                                                                        fce289e99eb9   6 years ago     1.84kB
sampleaz1001ir.azurecr.io/samples/hello-world          latest                                                                        fce289e99eb9   6 years ago     1.84kB

D:\DemoProjects\gowebapp\gowebapp>cd ..

D:\DemoProjects\gowebapp>cd gowebapp-mysql

D:\DemoProjects\gowebapp\gowebapp-mysql>docker build -t mydbfss:v1 .                  
[+] Building 2.2s (8/8) FINISHED                                                                                           docker:desktop-linux
 => [internal] load build definition from Dockerfile                                                                                       0.0s
 => => transferring dockerfile: 557B                                                                                                       0.0s 
 => [internal] load metadata for docker.io/library/mysql:5.6                                                                               2.0s 
 => [auth] library/mysql:pull token for registry-1.docker.io                                                                               0.0s
 => [internal] load .dockerignore                                                                                                          0.0s
 => => transferring context: 2B                                                                                                            0.0s 
 => [internal] load build context                                                                                                          0.0s 
 => => transferring context: 2.66kB                                                                                                        0.0s 
 => [1/2] FROM docker.io/library/mysql:5.6@sha256:20575ecebe6216036d25dab5903808211f1e9ba63dc7825ac20cb975e34cfcae                         0.0s 
 => CACHED [2/2] COPY gowebapp.sql /docker-entrypoint-initdb.d/                                                                            0.0s 
 => exporting to image                                                                                                                     0.0s 
 => => exporting layers                                                                                                                    0.0s 
 => => writing image sha256:4ee9ce7216d11801fe0d8f28ad6caf255fa42a197f28dca9d50904c46c6d0918                                               0.0s 
 => => naming to docker.io/library/mydbfss:v1                                                                                              0.0s 

View build details: docker-desktop://dashboard/build/desktop-linux/desktop-linux/2uif1rle0za8iv56toyity2xq

What's next:
    View a summary of image vulnerabilities and recommendations → docker scout quickview 

D:\DemoProjects\gowebapp\gowebapp-mysql>docker images
REPOSITORY                                             TAG                                                                           IMAGE ID       CREATED         SIZE
gowebapp                                               v2                                                                            f9fe7c08457a   38 hours ago    91.6MB
myappfss                                               v1                                                                            f9fe7c08457a   38 hours ago    91.6MB
<none>                                                 <none>                                                                        7865239dbd35   7 weeks ago     459MB
myapp1                                                 v1                                                                            621651835272   7 weeks ago     459MB
servicea                                               v1                                                                            621651835272   7 weeks ago     459MB
servloanreq                                            v1                                                                            a9788548baa7   7 weeks ago     1.24GB
<none>                                                 <none>                                                                        e75795eceddb   7 weeks ago     503MB
rapidfort/microsoft-sql-server-2019-ib                 latest                                                                        e97ba95e5e3b   3 months ago    1.17GB
exday2                                                 v1                                                                            3fd9ba6cdaf7   4 months ago    493MB
<none>                                                 <none>                                                                        52613aed3a61   4 months ago    277MB
eurekaserver                                           v1                                                                            772752529b55   5 months ago    383MB
<none>                                                 <none>                                                                        11c22f7d66ad   5 months ago    383MB
cloudserver                                            v1                                                                            58abe95ad7e4   5 months ago    368MB
gowebapp                                               v1                                                                            a5e6a7589cab   6 months ago    91.5MB
spurin/diveintokubernetes-introduction-lab             portal                                                                        6289aa5f1f82   6 months ago    198MB
alpine                                                 latest                                                                        91ef0af61f39   6 months ago    7.8MB
spurin/diveintokubernetes-introduction-lab-extension   1.0.2                                                                         53f9d286305a   7 months ago    7.8MB
spurin/diveintokubernetes-introduction-lab             control-plane                                                                 e641cb55cded   7 months ago    1.67GB
gowebapp-mysql                                         v1                                                                            4ee9ce7216d1   7 months ago    303MB
gowebapp-mysql                                         v2                                                                            4ee9ce7216d1   7 months ago    303MB
mydbfss                                                v1                                                                            4ee9ce7216d1   7 months ago    303MB
sampleaz1001ir.azurecr.io/samples/gowebapp-mysql       v1                                                            4ee9ce7216d1   7 months ago    303MB
sampleaz1001ir.azurecr.io/samples/gowebapp             v1                                                                            25280f0ddedb   7 months ago    91.5MB
openzipkin/zipkin                                      latest                                                                        88de2581a6c0   7 months ago    183MB
apache/kafka                                           latest                                                                        b610bd8a193a   8 months ago    382MB
docker/desktop-kubernetes                              kubernetes-v1.29.2-cni-v1.4.0-critools-v1.29.0-cri-dockerd-v0.3.11-1-debian   15340d8e9882   12 months ago   439MB
registry.k8s.io/kube-apiserver                         v1.29.2                                                                       8a9000f98a52   13 months ago   127MB
registry.k8s.io/kube-scheduler                         v1.29.2                                                                       6fc5e6b7218c   13 months ago   59.5MB
registry.k8s.io/kube-controller-manager                v1.29.2                                                                       138fb5a3a2e3   13 months ago   122MB
registry.k8s.io/kube-proxy                             v1.29.2                                                                       9344fce2372f   13 months ago   82.3MB
registry.k8s.io/etcd                                   3.5.10-0                                                                      a0eed15eed44   17 months ago   148MB
registry.k8s.io/coredns/coredns                        v1.11.1                                                                       cbb01a7bd410   19 months ago   59.8MB
docker/desktop-vpnkit-controller                       dc331cb22850be0cdd97c84a9cfecaf44a1afb6e                                      556098075b3d   22 months ago   36.2MB
registry.k8s.io/pause                                  3.9                                                                           e6f181688397   2 years ago     744kB
docker/desktop-storage-provisioner                     v2.0                                                                          99f89471f470   3 years ago     41.9MB
sampleaz1001ir.azurecr.io/samples/hello-world          latest                                                                        fce289e99eb9   6 years ago     1.84kB
mcr.microsoft.com/mcr/hello-world                      latest                                                                        fce289e99eb9   6 years ago     1.84kB

D:\DemoProjects\gowebapp\gowebapp-mysql>docker network create mynetfss
8ae0e6defd843abe85290336fd9e24bf3bd6b0515b33b70ed2b9caacc0250dd4

D:\DemoProjects\gowebapp\gowebapp-mysql>docker network inspect mynetfss
[
    {
        "Name": "mynetfss",
        "Id": "8ae0e6defd843abe85290336fd9e24bf3bd6b0515b33b70ed2b9caacc0250dd4",
        "Created": "2025-03-26T06:56:45.899953654Z",
        "Scope": "local",
        "Driver": "bridge",
        "EnableIPv6": false,
        "IPAM": {
            "Driver": "default",
            "Options": {},
            "Config": [
                {
                    "Subnet": "172.20.0.0/16",
                    "Gateway": "172.20.0.1"
                }
            ]
        },
        "Internal": false,
        "Attachable": false,
        "Ingress": false,
        "ConfigFrom": {
            "Network": ""
        },
        "ConfigOnly": false,
        "Containers": {},
        "Options": {},
        "Labels": {}
    }
]

D:\DemoProjects\gowebapp\gowebapp-mysql>docker run --net mynetfss --name gowebapp-mysql --hostname gowebapp-mysql -d -e MYSQL_ROOT_PASSWORD=mypassword mydbfss:v1
68aaed33b69c8367685925040145d97fa2e6b2d04f8259104488f13e3b36c11b

D:\DemoProjects\gowebapp\gowebapp-mysql>docker ps
CONTAINER ID   IMAGE               COMMAND                  CREATED         STATUS                    PORTS                              NAMES
68aaed33b69c   mydbfss:v1          "docker-entrypoint.s…"   4 seconds ago   Up 3 seconds              3306/tcp                           gowebapp-mysql
2f0e797f3d18   f9fe7c08457a        "/opt/gowebapp/goweb…"   20 hours ago    Up 20 hours                                                  k8s_gowebapp_gowebapp-6dcd46896f-fmqj8_default_402b945c-f683-4352-a7b4-56c73674bfd3_5
60f4ac5f4545   f9fe7c08457a        "/opt/gowebapp/goweb…"   20 hours ago    Up 20 hours                                                  k8s_gowebapp_gowebapp-6dcd46896f-gzjfv_default_0ec19d00-1f89-443a-ab09-42b57b38b983_5
13cdd327665c   4ee9ce7216d1        "docker-entrypoint.s…"   20 hours ago    Up 20 hours                                                  k8s_gowebapp-mysql_gowebapp-mysql-787776b6bd-d8wwk_default_32d9e1de-4420-452f-b192-1dbbb0fe8e78_2
c3b8f9436b30   openzipkin/zipkin   "start-zipkin"           7 weeks ago     Up 24 minutes (healthy)   9410/tcp, 0.0.0.0:9411->9411/tcp   thirsty_meninsky

D:\DemoProjects\gowebapp\gowebapp-mysql>docker run -p 9000:80 --net mynetfss -d --name gowebapp --hostname gowebapp myappfss:V1
Unable to find image 'myappfss:V1' locally
docker: Error response from daemon: pull access denied for myappfss, repository does not exist or may require 'docker login': denied: requested access to the resource is denied.
See 'docker run --help'.

D:\DemoProjects\gowebapp\gowebapp-mysql>docker run -p 9000:80 --net mynetfss -d --name gowebapp --hostname gowebapp myappfss:v1
da7acd2cc52d8a29c3e72391637d6c49f965a3b119ab805068c31f20d13d858d

D:\DemoProjects\gowebapp\gowebapp-mysql>docker ps
CONTAINER ID   IMAGE               COMMAND                  CREATED         STATUS                    PORTS                              NAMES
da7acd2cc52d   myappfss:v1         "/opt/gowebapp/goweb…"   7 seconds ago   Up 6 seconds              0.0.0.0:9000->80/tcp               gowebapp
68aaed33b69c   mydbfss:v1          "docker-entrypoint.s…"   2 minutes ago   Up 2 minutes              3306/tcp                           gowebapp-mysql
2f0e797f3d18   f9fe7c08457a        "/opt/gowebapp/goweb…"   20 hours ago    Up 20 hours                                                  k8s_gowebapp_gowebapp-6dcd46896f-fmqj8_default_402b945c-f683-4352-a7b4-56c73674bfd3_5
60f4ac5f4545   f9fe7c08457a        "/opt/gowebapp/goweb…"   20 hours ago    Up 20 hours                                                  k8s_gowebapp_gowebapp-6dcd46896f-gzjfv_default_0ec19d00-1f89-443a-ab09-42b57b38b983_5
13cdd327665c   4ee9ce7216d1        "docker-entrypoint.s…"   20 hours ago    Up 20 hours                                                  k8s_gowebapp-mysql_gowebapp-mysql-787776b6bd-d8wwk_default_32d9e1de-4420-452f-b192-1dbbb0fe8e78_2
c3b8f9436b30   openzipkin/zipkin   "start-zipkin"           7 weeks ago     Up 27 minutes (healthy)   9410/tcp, 0.0.0.0:9411->9411/tcp   thirsty_meninsky

D:\DemoProjects\gowebapp\gowebapp-mysql>