kube-system   coredns-76f75df574-qsvxq                 1/1     Running   1 (41h ago)   2d18h
kube-system   etcd-docker-desktop                      1/1     Running   1 (41h ago)   2d18h
kube-system   kube-apiserver-docker-desktop            1/1     Running   1 (41h ago)   2d18h
kube-system   kube-controller-manager-docker-desktop   1/1     Running   1 (41h ago)   2d18h
kube-system   kube-proxy-rz2hm                         1/1     Running   1 (41h ago)   2d18h
kube-system   kube-scheduler-docker-desktop            1/1     Running   3 (72m ago)   2d18h
kube-system   storage-provisioner                      1/1     Running   3 (32h ago)   2d18h
kube-system   vpnkit-controller                        1/1     Running   1 (41h ago)   2d18h

D:\DemoProjects\ExCService>kubectl get pods --all-namespaces
NAMESPACE     NAME                                     READY   STATUS    RESTARTS      AGE
kube-system   coredns-76f75df574-77lnb                 1/1     Running   1 (41h ago)   2d18h
kube-system   coredns-76f75df574-qsvxq                 1/1     Running   1 (41h ago)   2d18h
kube-system   etcd-docker-desktop                      1/1     Running   1 (41h ago)   2d18h
kube-system   kube-apiserver-docker-desktop            1/1     Running   1 (41h ago)   2d18h
kube-system   kube-controller-manager-docker-desktop   1/1     Running   1 (41h ago)   2d18h
kube-system   kube-proxy-rz2hm                         1/1     Running   1 (41h ago)   2d18h
kube-system   kube-scheduler-docker-desktop            1/1     Running   3 (72m ago)   2d18h
kube-system   storage-provisioner                      1/1     Running   3 (32h ago)   2d18h
kube-system   vpnkit-controller                        1/1     Running   1 (41h ago)   2d18h

D:\DemoProjects\ExCService>kubectl --api-resources
error: unknown flag: --api-resources
See 'kubectl --help' for usage.

D:\DemoProjects\ExCService>kubectl api-resources  
NAME                              SHORTNAMES   APIVERSION                        NAMESPACED   KIND
bindings                                       v1                                true         Binding
componentstatuses                 cs           v1                                false        ComponentStatus
configmaps                        cm           v1                                true         ConfigMap
endpoints                         ep           v1                                true         Endpoints
events                            ev           v1                                true         Event
limitranges                       limits       v1                                true         LimitRange
namespaces                        ns           v1                                false        Namespace
nodes                             no           v1                                false        Node
persistentvolumeclaims            pvc          v1                                true         PersistentVolumeClaim
persistentvolumes                 pv           v1                                false        PersistentVolume
pods                              po           v1                                true         Pod
podtemplates                                   v1                                true         PodTemplate
replicationcontrollers            rc           v1                                true         ReplicationController
resourcequotas                    quota        v1                                true         ResourceQuota
secrets                                        v1                                true         Secret
serviceaccounts                   sa           v1                                true         ServiceAccount
services                          svc          v1                                true         Service
mutatingwebhookconfigurations                  admissionregistration.k8s.io/v1   false        MutatingWebhookConfiguration
validatingwebhookconfigurations                admissionregistration.k8s.io/v1   false        ValidatingWebhookConfiguration
customresourcedefinitions         crd,crds     apiextensions.k8s.io/v1           false        CustomResourceDefinition
apiservices                                    apiregistration.k8s.io/v1         false        APIService
controllerrevisions                            apps/v1                           true         ControllerRevision
daemonsets                        ds           apps/v1                           true         DaemonSet
deployments                       deploy       apps/v1                           true         Deployment
replicasets                       rs           apps/v1                           true         ReplicaSet
statefulsets                      sts          apps/v1                           true         StatefulSet
selfsubjectreviews                             authentication.k8s.io/v1          false        SelfSubjectReview
tokenreviews                                   authentication.k8s.io/v1          false        TokenReview
localsubjectaccessreviews                      authorization.k8s.io/v1           true         LocalSubjectAccessReview
selfsubjectaccessreviews                       authorization.k8s.io/v1           false        SelfSubjectAccessReview
selfsubjectrulesreviews                        authorization.k8s.io/v1           false        SelfSubjectRulesReview
subjectaccessreviews                           authorization.k8s.io/v1           false        SubjectAccessReview
horizontalpodautoscalers          hpa          autoscaling/v2                    true         HorizontalPodAutoscaler
cronjobs                          cj           batch/v1                          true         CronJob
jobs                                           batch/v1                          true         Job
certificatesigningrequests        csr          certificates.k8s.io/v1            false        CertificateSigningRequest
leases                                         coordination.k8s.io/v1            true         Lease
endpointslices                                 discovery.k8s.io/v1               true         EndpointSlice
events                            ev           events.k8s.io/v1                  true         Event
flowschemas                                    flowcontrol.apiserver.k8s.io/v1   false        FlowSchema
prioritylevelconfigurations                    flowcontrol.apiserver.k8s.io/v1   false        PriorityLevelConfiguration
ingressclasses                                 networking.k8s.io/v1              false        IngressClass
ingresses                         ing          networking.k8s.io/v1              true         Ingress
networkpolicies                   netpol       networking.k8s.io/v1              true         NetworkPolicy
runtimeclasses                                 node.k8s.io/v1                    false        RuntimeClass
poddisruptionbudgets              pdb          policy/v1                         true         PodDisruptionBudget
clusterrolebindings                            rbac.authorization.k8s.io/v1      false        ClusterRoleBinding
clusterroles                                   rbac.authorization.k8s.io/v1      false        ClusterRole
rolebindings                                   rbac.authorization.k8s.io/v1      true         RoleBinding
roles                                          rbac.authorization.k8s.io/v1      true         Role
priorityclasses                   pc           scheduling.k8s.io/v1              false        PriorityClass
csidrivers                                     storage.k8s.io/v1                 false        CSIDriver
csinodes                                       storage.k8s.io/v1                 false        CSINode
csistoragecapacities                           storage.k8s.io/v1                 true         CSIStorageCapacity
storageclasses                    sc           storage.k8s.io/v1                 false        StorageClass
volumeattachments                              storage.k8s.io/v1                 false        VolumeAttachment

D:\DemoProjects\ExCService>kubectl get po --all-namespaces
NAMESPACE     NAME                                     READY   STATUS    RESTARTS      AGE
kube-system   coredns-76f75df574-77lnb                 1/1     Running   1 (41h ago)   2d18h

D:\DemoProjects\ExCService>kubectl get pod excservice
NAME         READY   STATUS    RESTARTS   AGE
excservice   1/1     Running   0          2m41s

D:\DemoProjects\ExCService>kubectl get pod excservice -o wide
NAME         READY   STATUS    RESTARTS   AGE     IP          NODE             NOMINATED NODE   READINESS GATES
excservice   1/1     Running   0          2m51s   10.1.0.19   docker-desktop   <none>           <none>

D:\DemoProjects\ExCService>alias k=kubectl
'alias' is not recognized as an internal or external command,
operable program or batch file.

D:\DemoProjects\ExCService>kubectl describe pod excservice
Name:             excservice
Namespace:        default
Priority:         0
Service Account:  default
Node:             docker-desktop/192.168.65.3
Start Time:       Thu, 27 Mar 2025 10:34:55 +0530
Labels:           app=excservice
                  tier=frontend
Annotations:      <none>
Status:           Running
IP:               10.1.0.19
IPs:
  IP:  10.1.0.19
Containers:
  excservice:
    Container ID:   docker://2c73db2cac6e92c760d093672c0a798deda0e7d7deaf7680c4d31e97d878f7e5
    Image:          greetservice:v1
    Image ID:       docker://sha256:bb0ee563f95a8c0f0918db58bfaf6741dd0d99623a0fea0d731b2495b809d499
    Port:           8090/TCP
    Host Port:      0/TCP
    State:          Running
      Started:      Thu, 27 Mar 2025 10:34:56 +0530
    Ready:          True
    Restart Count:  0
    Environment:    <none>
    Mounts:
      /var/run/secrets/kubernetes.io/serviceaccount from kube-api-access-jp2n9 (ro)
Conditions:
  Type                        Status
  PodReadyToStartContainers   True
  Initialized                 True
  Ready                       True
  ContainersReady             True
  PodScheduled                True
Volumes:
  kube-api-access-jp2n9:
    Type:                    Projected (a volume that contains injected data from multiple sources)
    TokenExpirationSeconds:  3607
    ConfigMapName:           kube-root-ca.crt
    ConfigMapOptional:       <nil>
    DownwardAPI:             true
QoS Class:                   BestEffort
Node-Selectors:              <none>
Tolerations:                 node.kubernetes.io/not-ready:NoExecute op=Exists for 300s
                             node.kubernetes.io/unreachable:NoExecute op=Exists for 300s
Events:
  Type    Reason     Age    From               Message
  ----    ------     ----   ----               -------
  Normal  Scheduled  4m40s  default-scheduler  Successfully assigned default/excservice to docker-desktop
  Normal  Pulled     4m39s  kubelet            Container image "greetservice:v1" already present on machine
  Normal  Created    4m39s  kubelet            Created container excservice
default           Active   2d18h
kube-node-lease   Active   2d18h
kube-public       Active   2d18h
kube-system       Active   2d18h
ns01              Active   2d18h

D:\DemoProjects\ExCService>kubectl get ns
NAME              STATUS   AGE
default           Active   2d18h
kube-node-lease   Active   2d18h
kube-public       Active   2d18h
kube-system       Active   2d18h
ns01              Active   2d18h

D:\DemoProjects\ExCService>kubectl create ns ns02
namespace/ns02 created

D:\DemoProjects\ExCService>kubectl get ns        
NAME              STATUS   AGE
default           Active   2d18h
kube-node-lease   Active   2d18h
kube-public       Active   2d18h
kube-system       Active   2d18h
ns01              Active   2d18h
ns02              Active   2s

D:\DemoProjects\ExCService>kubectl get events
LAST SEEN   TYPE     REASON      OBJECT           MESSAGE
13m         Normal   Scheduled   pod/excservice   Successfully assigned default/excservice to docker-desktop
13m         Normal   Pulled      pod/excservice   Container image "greetservice:v1" already present on machine
13m         Normal   Created     pod/excservice   Created container excservice
13m         Normal   Started     pod/excservice   Started container excservice
6m48s       Normal   Killing     pod/excservice   Stopping container excservice

D:\DemoProjects\ExCService>kubectl logs pod excservice
Error from server (NotFound): pods "pod" not found

D:\DemoProjects\ExCService>kubectl logs excservice    
Error from server (NotFound): pods "excservice" not found

D:\DemoProjects\ExCService>     